Testing Guardian Angel Backend Components...
============================================================
..\venv\Scripts\pytho
n.exe : Traceback 
(most recent call 
last):
At line:1 char:1
+ ..\venv\Scripts\pyt
hon.exe 
test_backend.py > 
test_output.txt 
2>&1; Ge ...
+ ~~~~~~~~~~~~~~~~~~~
~~~~~~~~~~~~~~~~~~~~~
~~~~~~~~~~~~~~~~~~~~~
~~~~
    + CategoryInfo   
           : NotSpe  
  cified: (Traceba   
 ck (most recent     
call last)::Stri    
ng) [], RemoteEx    
ception
    + FullyQualified 
   ErrorId : Native  
  CommandError
 
  File "C:\Users\kinj
al\guardian-angel\bac
kend\test_backend.py"
, line 16, in 
<module>
    print("\u2713 
geo_utils imported 
successfully")
  File "C:\Program Fi
les\Python311\Lib\enc
odings\cp1252.py", 
line 19, in encode
    return codecs.cha
rmap_encode(input,sel
f.errors,encoding_tab
le)[0]
           ^^^^^^^^^^
^^^^^^^^^^^^^^^^^^^^^
^^^^^^^^^^^^^^^^^^^^^
^^^
UnicodeEncodeError: 
'charmap' codec 
can't encode 
character '\u2713' 
in position 0: 
character maps to 
<undefined>

During handling of 
the above exception, 
another exception 
occurred:

Traceback (most 
recent call last):
  File "C:\Users\kinj
al\guardian-angel\bac
kend\test_backend.py"
, line 30, in 
<module>
    print(f"\u2717 
geo_utils import 
failed: {e}")
  File "C:\Program Fi
les\Python311\Lib\enc
odings\cp1252.py", 
line 19, in encode
    return codecs.cha
rmap_encode(input,sel
f.errors,encoding_tab
le)[0]
           ^^^^^^^^^^
^^^^^^^^^^^^^^^^^^^^^
^^^^^^^^^^^^^^^^^^^^^
^^^
UnicodeEncodeError: 
'charmap' codec 
can't encode 
character '\u2717' 
in position 0: 
character maps to 
<undefined>
